[backblue.gif]
[fade.gif]
[index.html]
[www.ctheory.net/images/btnArrow.gif]
[www.ctheory.net/images/btnSubscribe.gif]
[www.ctheory.net/images/btnEmailFriend.gif]
[www.ctheory.net/images/btnPrinterIcon.gif]
[www.pactac.net/ctheory/burgos/burgos1.jpg]
[www.pactac.net/ctheory/burgos/burgos2.jpg]
[www.pactac.net/ctheory/burgos/burgos3.jpg]
[www.ctheory.net/articles47cf.html]
[www.ctheory.net/images/tile_bg.gif]
[www.ctheory.net/images/mainBG.jpg]
[www.ctheory.net/images/headerBG.gif]
[www.ctheory.net/images/banner.jpg]
[www.ctheory.net/images/headerAnnouncements.gif]
[www.ctheory.net/images/headerAlso.gif]
[www.ctheory.net/images/indexBtn.gif]
[www.ctheory.net/images/btnSubmissions.gif]
[www.ctheory.net/images/btnEditorial.gif]
[www.ctheory.net/images/btnPermissions.gif]
[www.ctheory.net/images/headerMailinglist.gif]
[www.ctheory.net/images/headerSites.gif]
[www.ctheory.net/images/btnSitesBG.gif]
[www.ctheory.net/standard.css]
[www.ctheory.net/images/btnViewAll.gif]
[www.ctheory.net/home.html]
[www.ctheory.net/static1e9d.html]
[www.ctheory.net/staticab8b.html]
[www.ctheory.net/staticf42d.html]
[www.ctheory.net/articles0619.html]
[www.ctheory.net/articles2825.html]
[www.ctheory.net/articles1793.html]
[www.ctheory.net/articles0063.html]
[www.ctheory.net/books/favicon.ico]
[www.ctheory.net/books/favicon5e1f.png]
[ajax.googleapis.com/ajax/libs/jquery/1.7.1/jquery.min.js]
[www.ctheory.net/books/less/blank.gif]
[www.ctheory.net/books/biglogo.png]
[www.ctheory.net/books/index.html]
[www.ctheory.net/library/images/new4_01-multi_button_over.gif]
[www.ctheory.net/library/images/dotnet_button-over.gif]
[www.ctheory.net/library/images/multi_button-over.gif]
[www.ctheory.net/library/images/books_button-over.gif]
[www.ctheory.net/library/images/spacer.gif]
[www.ctheory.net/library/images/new4_01.gif]
[www.ctheory.net/library/images/new4_02.gif]
[www.ctheory.net/library/images/dotnet_button.gif]
[www.ctheory.net/library/images/multi_button.gif]
[www.ctheory.net/library/images/books_button.gif]
[www.ctheory.net/library/images/new4_06.gif]
[www.ctheory.net/library/images/new4_08.gif]
[www.ctheory.net/library/images/new4_09.gif]
[www.ctheory.net/library/images/body_bg_image.jpg]
[www.ctheory.net/library/images/top-title.jpg]
[www.ctheory.net/library/default.html]
[www.ctheory.net/books/book_images/book_LITW_cover.jpg]
[www.ctheory.net/books/book_images/willtotechnology.jpg]
[www.ctheory.net/books/book_images/covers/digiital_delirium.jpg]
[www.ctheory.net/books/books/DIGITAL DELIRIUM.pdf]
[www.ctheory.net/books/book_images/covers/hacking.jpg]
[www.ctheory.net/books/books/HACKINGTHEFUTURE.pdf]
[www.ctheory.net/books/book_images/covers/data_trash.jpg]
[www.ctheory.net/books/books/DATA TRASH.pdf]
[www.ctheory.net/books/book_images/covers/technology_and_can.gif]
[www.ctheory.net/books/books/Technology and the Canadian Mind.pdf]
[www.ctheory.net/books/book_images/covers/left_behind.gif]
[www.ctheory.net/books/books/Left Behind.pdf]
[www.ctheory.net/books/book_images/covers/born_again.gif]
[www.ctheory.net/books/books/Born Again Ideology.pdf]
[www.ctheory.net/books/book_images/ipcover.jpg]
[www.ctheory.net/books/books/IDEOLOGY AND POWER.pdf]
[www.ctheory.net/books/book_images/covers/spasm.jpg]
[www.ctheory.net/books/books/SPASM.pdf]
[www.ctheory.net/books/book_images/covers/seduction.jpg]
[www.ctheory.net/books/books/SEDUCTION.pdf]
[www.ctheory.net/books/book_images/covers/panic_encylopedia.jpg]
[www.ctheory.net/books/books/Panic Encyclopedia.pdf]
[www.ctheory.net/books/book_images/covers/pomo_scene.jpg]
[www.ctheory.net/books/books/THE POSTMODERN SCENE.pdf]
[www.ctheory.net/books/book_images/covers/life_after_pomo.jpg]
[www.ctheory.net/books/books/LIFE AFTER POSTMODERNISM.pdf]
[www.ctheory.net/books/book_images/covers/last_sex.jpg]
[www.ctheory.net/books/books/The Last Sex.pdf]
[www.ctheory.net/books/book_images/covers/possessed_individual.jpg]
[www.ctheory.net/books/books/The Possessed Individual.pdf]
[www.ctheory.net/books/book_images/covers/hysterical.jpg]
[www.ctheory.net/books/books/THE HYSTERICAL MALE.pdf]
[www.ctheory.net/books/book_images/covers/Body_invaders.jpg]
[www.ctheory.net/books/books/BODY INVADERS.pdf]
[www.ctheory.net/books/book_images/covers/feminismnow.jpg]
[www.ctheory.net/books/books/Feminism Now.pdf]
[www.ctheory.net/books/book_images/covers/cb_mac.gif]
[www.ctheory.net/books/books/Dilemmas of Liberalism and Socialism.pdf]
[www.ctheory.net/books/book_images/covers/culture_critique.jpg]
[www.ctheory.net/books/books/CULTURE CRITIQUE.pdf]
[www.ctheory.net/books/book_images/covers/vision_of_the_new.gif]
[www.ctheory.net/books/books/NORTHROP FRYE.pdf]
[www.ctheory.net/books/booklist.html]
[www.ctheory.net/mailto6314.html]
[www.ctheory.net/printer47cf.html]
[www.pactac.net/ctheory/cook/fig2.jpg]
[www.pactac.net/ctheory/cook/fig3.jpg]
[www.ctheory.net/articlesf756.html]
[www.ctheory.net/articles1606.html]
[ctheory.net/images/campbell/figure1.png]
[upload.wikimedia.org/wikipedia/commons/3/3c/The_hand_that_will_rule_the_world.jpg]
[www.ctheory.net/articlesb144.html]
[www.ctheory.net/articlesfedb.html]
[www.ctheory.net/articles6e03.html]
[ctheory.net/book_images/critical-making-medium.jpg]
[www.ctheory.net/articles662d.html]
[pactac.net/wp-content/uploads/book_images/covers/sns_cover.jpg]
[www.ctheory.net/articlesa784.html]
[www.ctheory.net/articlesd193.html]
[pactac.net/ctheory/Kandutsch/Yarmouk_photograph.png]
[pactac.net/ctheory/Kandutsch/Yarmouk_photograph_small.png]
[www.ctheory.net/articles6595.html]
[www.pactac.net/ctheory/Kandutsch/Raft_of_the_Medusa.png]
[www.ctheory.net/articlesce6e.html]
[www.ctheory.net/articlesebab.html]
[www.ctheory.net/articlesd624.html]
[www.pactac.net/ctheory/barnet/Nucleus6.jpg]
[www.pactac.net/ctheory/barnet/ContourAdvance.jpg]
[www.ctheory.net/articles9218.html]
[www.pactac.net/ctheory/frances/fig1.jpg]
[www.pactac.net/ctheory/frances/fig2.jpg]
[www.pactac.net/ctheory/frances/fig3.jpg]
[www.pactac.net/ctheory/frances/fig4.jpg]
[www.pactac.net/ctheory/frances/fig5.jpg]
[www.ctheory.net/articles8eb5.html]
[www.ctheory.net/articles7d12.html]
[www.ctheory.net/articles09c3.html]
[www.ctheory.net/articles3450.html]
[www.ctheory.net/articlesb706.html]
[www.ctheory.net/articlesa310.html]
[www.ctheory.net/articlesce63.html]
[www.ctheory.net/articles2780.html]
[www.ctheory.net/articles4efa.html]
[www.ctheory.net/articles1126.html]
[www.ctheory.net/articlese2df.html]
[www.ctheory.net/articles83f0.html]
[pactac.net/ctheory/armitage/galemboweb.jpg]
[www.ctheory.net/articlesb5e5.html]
[www.ctheory.net/articlese4af.html]
[www.ctheory.net/articles8db0.html]
[www.ctheory.net/articles4ccd.html]
[www.ctheory.net/articlesa7e7.html]
[www.ctheory.net/articlese92b.html]
[www.ctheory.net/articlesc03b.html]
[pactac.net/ctheory/freeman/figure1.jpg]
[pactac.net/ctheory/freeman/figure2.jpg]
[pactac.net/ctheory/freeman/figure3.jpg]
[www.ctheory.net/articles0fc1.html]
[www.ctheory.net/articlese61b.html]
[www.ctheory.net/articlesadd1.html]
[pactac.net/ctheory/ekman/Figure 1.jpg]
[pactac.net/ctheory/ekman/Figure 2.jpg]
[pactac.net/ctheory/ekman/Figure 3.jpg]
[pactac.net/ctheory/ekman/Figure 4.jpg]
[pactac.net/ctheory/ekman/Figure 5.jpg]
[pactac.net/ctheory/ekman/Figure 6.jpg]
[pactac.net/ctheory/ekman/Figure 7.jpg]
[pactac.net/ctheory/ekman/Figure 8.jpg]
[pactac.net/ctheory/ekman/Figure 9.jpg]
[pactac.net/ctheory/ekman/Figure 10.jpg]
[pactac.net/ctheory/ekman/Figure 11.jpg]
[www.ctheory.net/articles1b2f.html]
[www.ctheory.net/articles6c69.html]
[www.ctheory.net/articles30a8.html]
[www.ctheory.net/articles3c7d.html]
[pactac.net/ctheory/friesen/fig1a.png]
[pactac.net/ctheory/friesen/fig1b.png]
[pactac.net/ctheory/friesen/fig2.png]
[www.ctheory.net/articlescf3f.html]
[www.ctheory.net/articles332e.html]
[www.ctheory.net/articles6785.html]
[www.ctheory.net/articles13ef.html]
[www.ctheory.net/articles22f4.html]
[www.ctheory.net/articles484d.html]
[www.ctheory.net/articlesa131.html]
[www.ctheory.net/articles5c60.html]
[pactac.net/ctheory/hawkins/hawkins-fig-1.png]
[www.ctheory.net/articles9819.html]
[www.ctheory.net/articles9715.html]
[www.ctheory.net/articles4c4a.html]
[www.ctheory.net/articles138d.html]
[pactac.net/ctheory/sweeney/sweeney1.png]
[pactac.net/ctheory/sweeney/sweeney2.png]
[pactac.net/ctheory/sweeney/sweeney3.png]
[pactac.net/ctheory/sweeney/sweeney4.png]
[pactac.net/ctheory/sweeney/sweeney5.png]
[www.ctheory.net/articles5317.html]
[www.ctheory.net/articlesc54e.html]
[pactac.net/ctheory/melcher/melcher1.jpg]
[www.ctheory.net/articles9114.html]
[pactac.net/ctheory/collignon/collignon-fig-1.jpg]
[pactac.net/ctheory/collignon/collignon-fig-2.jpg]
[www.ctheory.net/articlese94f.html]
[www.ctheory.net/articles9829.html]
[www.ctheory.net/articlesd045.html]
[www.ctheory.net/articles5b20.html]
[www.ctheory.net/articles3fbd.html]
[pactac.net/ctheory/EBP/ebp-fig1.png]
[pactac.net/ctheory/EBP/ebp-fig2.png]
[pactac.net/ctheory/EBP/ebp-fig3.png]
[www.ctheory.net/articles711d.html]
[www.ctheory.net/articles2a23.html]
[www.ctheory.net/articlescf13.html]
[www.ctheory.net/articlesdc9b.html]
[www.ctheory.net/articles0fb4.html]
[www.ctheory.net/articles1931.html]
[www.ctheory.net/articles1798.html]
[www.ctheory.net/articlesff52.html]
[pactac.net/ctheory/freeman/Slide01.png]
[pactac.net/ctheory/freeman/Slide02.png]
[pactac.net/ctheory/freeman/Slide03.png]
[pactac.net/ctheory/freeman/Slide04.png]
[pactac.net/ctheory/freeman/Slide05.png]
[pactac.net/ctheory/freeman/Slide06.png]
[pactac.net/ctheory/freeman/Slide07.png]
[pactac.net/ctheory/freeman/Slide08.png]
[pactac.net/ctheory/freeman/Slide09a.png]
[pactac.net/ctheory/freeman/Slide09b.png]
[pactac.net/ctheory/freeman/Slide10.png]
[pactac.net/ctheory/freeman/Slide11.png]
[pactac.net/ctheory/freeman/Slide12.png]
[pactac.net/ctheory/freeman/Slide13a.png]
[pactac.net/ctheory/freeman/Slide13b.png]
[pactac.net/ctheory/freeman/Slide14.png]
[www.ctheory.net/articlesbaf1.html]
[www.ctheory.net/articles4532.html]
[www.ctheory.net/articlesb57f.html]
[www.ctheory.net/articles8c96.html]
[www.ctheory.net/articles8cdc.html]
[www.ctheory.net/articles6067.html]
[www.ctheory.net/articlesb6b3.html]
[www.ctheory.net/articles8267.html]
[www.ctheory.net/articles9431.html]
[www.ctheory.net/articles1029.html]
[www.ctheory.net/articles27be.html]
[www.ctheory.net/articles7c3f.html]
[pactac.net/ctheory/codedrift/sVanGogh with ear.png]
[pactac.net/ctheory/codedrift/sVanGoghBandagedEar.png]
[pactac.net/ctheory/codedrift/sVanGoughsunflower.png]
[www.ctheory.net/articlesf5dd.html]
[www.ctheory.net/articles424c.html]
[pactac.net/ctheory/codedrift/model.png]
[www.ctheory.net/articlesfc7b.html]
[www.ctheory.net/articlesa556.html]
[www.pactac.net/ctheory/codedrift/1_inherent.jpg]
[www.pactac.net/ctheory/codedrift/2_inherent.jpg]
[www.pactac.net/ctheory/codedrift/3_inherent.jpg]
[www.pactac.net/ctheory/codedrift/4_inherent.jpg]
[www.pactac.net/ctheory/codedrift/5_inherent.jpg]
[www.ctheory.net/articles76ff.html]
[www.pactac.net/ctheory/codedrift/becoming-dragon-diagram.jpg]
[www.pactac.net/ctheory/codedrift/first.png]
[www.pactac.net/ctheory/codedrift/shopping-for-skin-at-deviant-kitties.png]
[www.pactac.net/ctheory/codedrift/_MG_4404.jpg]
[www.pactac.net/ctheory/codedrift/sexclub.jpg]
[www.pactac.net/ctheory/codedrift/echolalia in the warp tunnel.png]
[www.pactac.net/ctheory/codedrift/day8_001.jpg]
[www.pactac.net/ctheory/codedrift/day6_004_brighter.png]
[www.pactac.net/ctheory/codedrift/sandystone.png]
