[backblue.gif]
[fade.gif]
[index.html]
[www.ctheory.net/images/btnArrow.gif]
[www.ctheory.net/images/btnSubscribe.gif]
[www.ctheory.net/images/btnEmailFriend.gif]
[www.ctheory.net/images/btnPrinterIcon.gif]
[www.pactac.net/ctheory/burgos/burgos1.jpg]
[www.pactac.net/ctheory/burgos/burgos2.jpg]
[www.pactac.net/ctheory/burgos/burgos3.jpg]
[www.ctheory.net/articles47cf.html]
[www.ctheory.net/images/tile_bg.gif]
[www.ctheory.net/images/mainBG.jpg]
[www.ctheory.net/images/headerBG.gif]
[www.ctheory.net/images/banner.jpg]
[www.ctheory.net/images/headerAnnouncements.gif]
[www.ctheory.net/images/headerAlso.gif]
[www.ctheory.net/images/indexBtn.gif]
[www.ctheory.net/images/btnSubmissions.gif]
[www.ctheory.net/images/btnEditorial.gif]
[www.ctheory.net/images/btnPermissions.gif]
[www.ctheory.net/images/headerMailinglist.gif]
[www.ctheory.net/images/headerSites.gif]
[www.ctheory.net/images/btnSitesBG.gif]
[www.ctheory.net/standard.css]
[www.ctheory.net/images/btnViewAll.gif]
[www.ctheory.net/home.html]
[www.ctheory.net/static1e9d.html]
[www.ctheory.net/staticab8b.html]
[www.ctheory.net/staticf42d.html]
[www.ctheory.net/articles0619.html]
[www.ctheory.net/articles2825.html]
[www.ctheory.net/articles1793.html]
[www.ctheory.net/articles0063.html]
[www.ctheory.net/books/favicon.ico]
[www.ctheory.net/books/favicon5e1f.png]
[ajax.googleapis.com/ajax/libs/jquery/1.7.1/jquery.min.js]
[www.ctheory.net/books/less/blank.gif]
[www.ctheory.net/books/biglogo.png]
[www.ctheory.net/books/index.html]
[www.ctheory.net/library/images/new4_01-multi_button_over.gif]
[www.ctheory.net/library/images/dotnet_button-over.gif]
[www.ctheory.net/library/images/multi_button-over.gif]
[www.ctheory.net/library/images/books_button-over.gif]
[www.ctheory.net/library/images/spacer.gif]
[www.ctheory.net/library/images/new4_01.gif]
[www.ctheory.net/library/images/new4_02.gif]
[www.ctheory.net/library/images/dotnet_button.gif]
[www.ctheory.net/library/images/multi_button.gif]
[www.ctheory.net/library/images/books_button.gif]
[www.ctheory.net/library/images/new4_06.gif]
[www.ctheory.net/library/images/new4_08.gif]
[www.ctheory.net/library/images/new4_09.gif]
[www.ctheory.net/library/images/body_bg_image.jpg]
[www.ctheory.net/library/images/top-title.jpg]
[www.ctheory.net/library/default.html]
[www.ctheory.net/books/book_images/book_LITW_cover.jpg]
[www.ctheory.net/books/book_images/willtotechnology.jpg]
[www.ctheory.net/books/book_images/covers/digiital_delirium.jpg]
[www.ctheory.net/books/books/DIGITAL DELIRIUM.pdf]
[www.ctheory.net/books/book_images/covers/hacking.jpg]
[www.ctheory.net/books/books/HACKINGTHEFUTURE.pdf]
[www.ctheory.net/books/book_images/covers/data_trash.jpg]
[www.ctheory.net/books/books/DATA TRASH.pdf]
[www.ctheory.net/books/book_images/covers/technology_and_can.gif]
[www.ctheory.net/books/books/Technology and the Canadian Mind.pdf]
[www.ctheory.net/books/book_images/covers/left_behind.gif]
[www.ctheory.net/books/books/Left Behind.pdf]
[www.ctheory.net/books/book_images/covers/born_again.gif]
[www.ctheory.net/books/books/Born Again Ideology.pdf]
[www.ctheory.net/books/book_images/ipcover.jpg]
[www.ctheory.net/books/books/IDEOLOGY AND POWER.pdf]
[www.ctheory.net/books/book_images/covers/spasm.jpg]
[www.ctheory.net/books/books/SPASM.pdf]
[www.ctheory.net/books/book_images/covers/seduction.jpg]
[www.ctheory.net/books/books/SEDUCTION.pdf]
[www.ctheory.net/books/book_images/covers/panic_encylopedia.jpg]
[www.ctheory.net/books/books/Panic Encyclopedia.pdf]
[www.ctheory.net/books/book_images/covers/pomo_scene.jpg]
[www.ctheory.net/books/books/THE POSTMODERN SCENE.pdf]
[www.ctheory.net/books/book_images/covers/life_after_pomo.jpg]
[www.ctheory.net/books/books/LIFE AFTER POSTMODERNISM.pdf]
[www.ctheory.net/books/book_images/covers/last_sex.jpg]
[www.ctheory.net/books/books/The Last Sex.pdf]
[www.ctheory.net/books/book_images/covers/possessed_individual.jpg]
[www.ctheory.net/books/books/The Possessed Individual.pdf]
[www.ctheory.net/books/book_images/covers/hysterical.jpg]
[www.ctheory.net/books/books/THE HYSTERICAL MALE.pdf]
[www.ctheory.net/books/book_images/covers/Body_invaders.jpg]
[www.ctheory.net/books/books/BODY INVADERS.pdf]
[www.ctheory.net/books/book_images/covers/feminismnow.jpg]
[www.ctheory.net/books/books/Feminism Now.pdf]
[www.ctheory.net/books/book_images/covers/cb_mac.gif]
[www.ctheory.net/books/books/Dilemmas of Liberalism and Socialism.pdf]
